[36mWasm dry run succeeded.[39m
[36mConsider building and testing[39m
[36myour application with the[39m
[36m`--wasm` flag. See docs for[39m
[36mmore info:[39m
[36mhttps://docs.flutter.dev/platf[39m
[36morm-integration/web/wasm[39m
[36mUse --no-wasm-dry-run to[39m
[36mdisable these warnings.[39m
[31mCodepoint 62694 not found in[39m
[31mfont, aborting.[39m
[31m[39m

[31mCodepoint 62694 not found in[39m
[31mfont, aborting.[39m
[31m[39m

[31mCodepoint 62694 not found in[39m
[31mfont, aborting.[39m
[31m[39m

[31mCodepoint 63116 not found in[39m
[31mfont, aborting.[39m
[31m[39m

[31mTarget web_release_bundle[39m
[31mfailed:[39m
[31mIconTreeShakerException: Font[39m
[31msubsetting failed with exit[39m
[31mcode 255.[39m
[31m[39m
[31mTo disable icon tree shaking,[39m
[31mpass --no-tree-shake-icons to[39m
[31mthe requested flutter build[39m
[31mcommand[39m
#0      IconTreeShaker.subsetFont (package:flutter_tools/src/build_system/targets/icon_tree_shaker.dart:224:7)
<asynchronous suspension>
#1      copyAssets.<anonymous closure> (package:flutter_tools/src/build_system/targets/assets.dart:148:25)
<asynchronous suspension>
#2      Future.wait.<anonymous closure> (dart:async/future.dart:525:21)
<asynchronous suspension>
#3      copyAssets (package:flutter_tools/src/build_system/targets/assets.dart:108:3)
<asynchronous suspension>
#4      WebReleaseBundle.build (package:flutter_tools/src/build_system/targets/web.dart:520:29)
<asynchronous suspension>
#5      _BuildInstance._invokeInternal (package:flutter_tools/src/build_system/build_system.dart:873:9)
<asynchronous suspension>
#6      Future.wait.<anonymous closure> (dart:async/future.dart:525:21)
<asynchronous suspension>
#7      _BuildInstance.invokeTarget (package:flutter_tools/src/build_system/build_system.dart:811:32)
<asynchronous suspension>
#8      FlutterBuildSystem.build (package:flutter_tools/src/build_system/build_system.dart:631:16)
<asynchronous suspension>
#9      WebBuilder.buildWeb (package:flutter_tools/src/web/compile.dart:90:34)
<asynchronous suspension>
#10     BuildWebCommand.runCommand (package:flutter_tools/src/commands/build_web.dart:282:5)
<asynchronous suspension>
#11     FlutterCommand.run.<anonymous closure> (package:flutter_tools/src/runner/flutter_command.dart:1581:27)
<asynchronous suspension>
#12     AppContext.run.<anonymous closure> (package:flutter_tools/src/base/context.dart:154:19)
<asynchronous suspension>
#13     CommandRunner.runCommand (package:args/command_runner.dart:212:13)
<asynchronous suspension>
#14     FlutterCommandRunner.runCommand.<anonymous closure> (package:flutter_tools/src/runner/flutter_command_runner.dart:503:9)
<asynchronous suspension>
#15     AppContext.run.<anonymous closure> (package:flutter_tools/src/base/context.dart:154:19)
<asynchronous suspension>
#16     FlutterCommandRunner.runCommand (package:flutter_tools/src/runner/flutter_command_runner.dart:438:5)
<asynchronous suspension>
#17     run.<anonymous closure>.<anonymous closure> (package:flutter_tools/runner.dart:98:11)
<asynchronous suspension>
#18     AppContext.run.<anonymous closure> (package:flutter_tools/src/base/context.dart:154:19)
<asynchronous suspension>
#19     main (package:flutter_tools/executable.dart:101:3)
<asynchronous suspension>

[31mError: Failed to compile[39m
[31mapplication for the Web.[39m
